// Jest Snapshot v1, https://goo.gl/fbAQLP

exports[`loadFile success should valid schema 1`] = `
"type UserTest {
  id: Int!
  name: String!
  age: Int
  tags: [String!]!
}"
`;

exports[`loadFiles success should valid schema with many file 1`] = `
Array [
  "type Product {
  id: ID!
  name: String!
  price: Float!
}",
  "type Query {
  hello: String!
}",
  "type User {
  id: Int!
  name: String
}",
]
`;
